route_aggregator.adb:668:07: medium: exception might be raised
route_aggregator.ads:357:14: high: all paths in "Euclidean_Plan" raise exceptions or do not terminate normally
