spark-containers-parameter_checks.ads:54:19: medium: postcondition might fail, in instantiation at spark-containers-formal-doubly_linked_lists.ads:97, in instantiation at automation_request_validator.ads:89
spark-containers-parameter_checks.ads:59:19: medium: postcondition might fail, in instantiation at spark-containers-formal-doubly_linked_lists.ads:97, in instantiation at automation_request_validator.ads:89
spark-containers-parameter_checks.ads:64:19: medium: postcondition might fail, in instantiation at spark-containers-formal-doubly_linked_lists.ads:97, in instantiation at automation_request_validator.ads:89
