common.ads:68:14: medium: postcondition might fail, cannot prove Source (Source'First - 1 + J) = Element (To_Unbounded_String'Result, J)
common.ads:79:19: medium: postcondition might fail
common.ads:93:19: medium: postcondition might fail
common.ads:105:22: medium: postcondition might fail, cannot prove Slice'Result'First = 1
